| test.rb:5:5:5:9 | ... + ... | test.rb:5:5:5:5 | a | test.rb:5:9:5:9 | b |
| test.rb:6:5:6:9 | ... + ... | test.rb:6:9:6:9 | a | test.rb:6:5:6:5 | b |
