| test.swift:5:5:5:9 | ... .+(_:_:) ... | test.swift:5:5:5:5 | a | test.swift:5:9:5:9 | b |
| test.swift:6:5:6:9 | ... .+(_:_:) ... | test.swift:6:9:6:9 | a | test.swift:6:5:6:5 | b |
