| test.js:5:5:5:9 | a + b | test.js:5:5:5:5 | a | test.js:5:9:5:9 | b |
| test.js:6:5:6:9 | b + a | test.js:6:9:6:9 | a | test.js:6:5:6:5 | b |
