WARNING: unused variable 'depth' (CustomPathStateProblemTest.ql:13,29-34)
edges
| test.go:4:5:4:7 | mid | test.go:6:5:6:7 | end |  |  |
| test.go:5:5:5:9 | start | test.go:4:5:4:7 | mid |  |  |
nodes
| test.go:4:5:4:7 | mid | semmle.label | mid |
| test.go:5:5:5:9 | start | semmle.label | start |
| test.go:6:5:6:7 | end | semmle.label | end |
#select
| test.go:5:5:5:9 | start | test.go:6:5:6:7 | end | Path from $@ (depth 0) to $@ (depth 2). | start | test.go:5:5:5:9 | start | end | test.go:6:5:6:7 | end |