| test.go:9:17:9:21 | ...+... | test.go:9:17:9:17 | a | test.go:9:21:9:21 | b |
| test.go:10:17:10:21 | ...+... | test.go:10:21:10:21 | a | test.go:10:17:10:17 | b |
