| test.rb:6:13:6:17 | ... + ... | test.rb:6:13:6:13 | a | test.rb:6:17:6:17 | b |
| test.rb:7:13:7:17 | ... + ... | test.rb:7:17:7:17 | a | test.rb:7:13:7:13 | b |
