| test.cpp:5:5:5:9 | ... + ... | test.cpp:5:5:5:5 | a | test.cpp:5:9:5:9 | b |
| test.cpp:6:5:6:9 | ... + ... | test.cpp:6:9:6:9 | a | test.cpp:6:5:6:5 | b |
