| test.cpp:1:5:1:5 | definition of x | Variable x has initializer $@. | test.cpp:1:9:1:9 | test.cpp:1:9:1:9 | 0 | file://:0:0:0:0 | (none) | [unused] |
