| test.cs:6:12:6:16 | ... + ... | test.cs:6:12:6:12 | access to local variable a | test.cs:6:16:6:16 | access to local variable b |
| test.cs:7:12:7:16 | ... + ... | test.cs:7:16:7:16 | access to local variable a | test.cs:7:12:7:12 | access to local variable b |
